[www.spreaditnow.in/index.html]
[backblue.gif]
[fade.gif]
[index.html]
[www.spreaditnow.in/images/favicon.ico]
[www.spreaditnow.in/css/bootstrap.min.css]
[www.spreaditnow.in/css/style.css]
[www.spreaditnow.in/css/colors/default.css]
[spreaditnow.azurewebsites.net/images/logoWhastapp.png]
[www.spreaditnow.in/index-2.html]
[www.spreaditnow.in/images/logo-dark.png]
[www.spreaditnow.in/images/walogo.png]
[www.spreaditnow.in/images/home.png]
[external.html]
[www.spreaditnow.in/images/logoround.png]
[www.spreaditnow.in/js/jquery-3.5.1.min.js]
[www.spreaditnow.in/js/bootstrap.bundle.min.js]
[www.spreaditnow.in/js/jquery.easing.min.js]
[www.spreaditnow.in/js/scrollspy.min.js]
[www.spreaditnow.in/js/typed.js]
[www.spreaditnow.in/js/feather.min.js]
[unpkg.com/sweetalert/dist/sweetalert.min.10.delayed]
[unpkg.com/sweetalert@2.1.2/dist/sweetalert.min.js]
[www.spreaditnow.in/index.html]
[www.spreaditnow.in/css/bootstrap.min.css]
[www.spreaditnow.in/js/app.js]
[www.spreaditnow.in/css/style.css]
[www.spreaditnow.in/css/colors/default.css]
[www.spreaditnow.in/index-2.html]
[www.spreaditnow.in/js/jquery-3.5.1.min.js]
[www.spreaditnow.in/js/bootstrap.bundle.min.js]
[www.spreaditnow.in/js/jquery.easing.min.js]
[www.spreaditnow.in/js/scrollspy.min.js]
[www.spreaditnow.in/js/typed.js]
[www.spreaditnow.in/images/process.png]
[www.spreaditnow.in/js/feather.min.js]
[www.spreaditnow.in/js/app.js]
[www.spreaditnow.in/images/task/bg.html]
[www.spreaditnow.in/node.html]
